// Jest Snapshot v1, https://goo.gl/fbAQLP

exports[`transformConfig when no handlers are passed in should return the correct config 1`] = `
{
  "countryCode": "GB",
  "countryName": "United Kingdom",
  "distanceUnit": "km",
  "languageCodes": [
    "en",
  ],
  "locales": [
    "en_GB",
  ],
  "name": "alpha",
  "pages": {
    "contactDetails": {
      "name": "contactDetails",
      "sections": [
        {
          "name": "header",
        },
        {
          "name": "body",
          "sections": [
            {
              "name": "main",
            },
            {
              "name": "sidebar",
            },
          ],
        },
        {
          "name": "footer",
        },
      ],
    },
    "personalDetails": {
      "name": "personalDetails",
      "sections": [
        {
          "name": "header",
        },
        {
          "name": "body",
          "sections": [
            {
              "name": "main",
            },
            {
              "name": "sidebar",
            },
          ],
        },
        {
          "name": "footer",
        },
      ],
    },
  },
  "routes": [
    {
      "page": "personalDetails",
      "path": "personal-details",
    },
    {
      "page": "contactDetails",
      "path": "contact-details",
    },
  ],
  "timeouts": {
    "apollo": 10000,
  },
  "timezone": "Europe/London",
}
`;

exports[`transformConfigSync when no handlers are passed in should return the correct config 1`] = `
{
  "countryCode": "GB",
  "countryName": "United Kingdom",
  "distanceUnit": "km",
  "languageCodes": [
    "en",
  ],
  "locales": [
    "en_GB",
  ],
  "name": "alpha",
  "pages": {
    "contactDetails": {
      "name": "contactDetails",
      "sections": [
        {
          "name": "header",
        },
        {
          "name": "body",
          "sections": [
            {
              "name": "main",
            },
            {
              "name": "sidebar",
            },
          ],
        },
        {
          "name": "footer",
        },
      ],
    },
    "personalDetails": {
      "name": "personalDetails",
      "sections": [
        {
          "name": "header",
        },
        {
          "name": "body",
          "sections": [
            {
              "name": "main",
            },
            {
              "name": "sidebar",
            },
          ],
        },
        {
          "name": "footer",
        },
      ],
    },
  },
  "routes": [
    {
      "page": "personalDetails",
      "path": "personal-details",
    },
    {
      "page": "contactDetails",
      "path": "contact-details",
    },
  ],
  "timeouts": {
    "apollo": 10000,
  },
  "timezone": "Europe/London",
}
`;
